// Jest Snapshot v1, https://goo.gl/fbAQLP

exports[`LoginForm renders 1`] = `
<div
  id="register"
>
  <div
    className="container"
  >
    <br />
    <form
      id="loginForm"
      onSubmit={[Function]}
    >
      <div
        className="row"
      >
        <div
          className="col"
        />
        <div
          className="col"
        />
        <div
          className="col"
        />
        <div
          className="formHead col-auto"
        >
          <h2>
            Please enter your account details:
          </h2>
        </div>
        <div
          className="col"
        />
        <div
          className="col"
        />
        <div
          className="col"
        />
      </div>
      <div
        className="row"
      >
        <div
          className="col"
        />
        <div
          className="col"
        />
        <div
          className="col"
        >
          <h5
            className="formField"
          >
            Username:
          </h5>
        </div>
        <div
          className="col"
        >
          <input
            id="usernameInput"
            placeholder="bobgog123"
            size="25"
            type="text"
          />
        </div>
        <div
          className="col"
        />
        <div
          className="col"
        />
        <div
          className="col"
        />
      </div>
      <div
        className="row"
      >
        <div
          className="col"
        />
        <div
          className="col"
        />
        <div
          className="col"
        >
          <h5
            className="formField"
          >
            Password:
          </h5>
        </div>
        <div
          className="col"
        >
          <input
            id="passwordInputA"
            placeholder="Must not be empty"
            size="25"
            type="password"
          />
        </div>
        <div
          className="col"
        />
        <div
          className="col"
        />
        <div
          className="col"
        />
      </div>
      <br />
      <div
        className="row"
      >
        <div
          className="col"
        />
        <div
          className="col"
        />
        <div
          className="col"
        >
          <button
            aria-label={null}
            className="btn btn-primary"
            id="userSubmit"
            onClick={[Function]}
          >
            Login
          </button>
        </div>
        <div
          className="col"
        />
        <div
          className="col"
        />
      </div>
      <br />
      <div
        className="row"
      >
        <div
          className="col"
        />
        <div
          className="col"
        />
        <div
          className="col"
        />
        <div
          className="errorField col"
        >
          <h5>
            
          </h5>
        </div>
        <div
          className="col"
        />
        <div
          className="col"
        />
        <div
          className="col"
        />
      </div>
    </form>
  </div>
</div>
`;
