// Jest Snapshot v1, https://goo.gl/fbAQLP

exports[`Navigation bar renders 1`] = `
<div>
  <div
    id="Navbar"
  >
    <nav
      className="navbar navbar-expand-md navbar-light bg-dark"
    >
      <a
        className="navbar-brand"
      >
         
        <a
          className="nlink"
          href="/"
          onClick={[Function]}
        >
          React Assessment
        </a>
      </a>
      <button
        className="navbar-toggler"
        onClick={[Function]}
        type="button"
      >
        <span
          className="navbar-toggler-icon"
        />
      </button>
      <div
        className="collapse navbar-collapse"
        style={Object {}}
      >
        <ul
          className="ml-auto navbar-nav"
        >
          <li
            className="nav-item"
          >
            <a
              className="nlink"
              href="/register"
              onClick={[Function]}
            >
              Register
            </a>
          </li>
          <li
            className="nav-item"
          >
            <a
              className="nlink"
              href="/login"
              onClick={[Function]}
            >
              Login
            </a>
          </li>
          <li
            className="nav-item"
          >
            <a
              className="nlink"
              href="/viewUsers"
              onClick={[Function]}
            >
              View Users
            </a>
          </li>
        </ul>
      </div>
    </nav>
  </div>
  <div>
    <br />
    <p>
      Please register or login to your account.
    </p>
  </div>
</div>
`;

exports[`RouterHome renders 1`] = `
<div>
  <div
    id="Navbar"
  >
    <nav
      className="navbar navbar-expand-md navbar-light bg-dark"
    >
      <a
        className="navbar-brand"
      >
         
        <a
          className="nlink"
          href="/"
          onClick={[Function]}
        >
          React Assessment
        </a>
      </a>
      <button
        className="navbar-toggler"
        onClick={[Function]}
        type="button"
      >
        <span
          className="navbar-toggler-icon"
        />
      </button>
      <div
        className="collapse navbar-collapse"
        style={Object {}}
      >
        <ul
          className="ml-auto navbar-nav"
        >
          <li
            className="nav-item"
          >
            <a
              className="nlink"
              href="/register"
              onClick={[Function]}
            >
              Register
            </a>
          </li>
          <li
            className="nav-item"
          >
            <a
              className="nlink"
              href="/login"
              onClick={[Function]}
            >
              Login
            </a>
          </li>
          <li
            className="nav-item"
          >
            <a
              className="nlink"
              href="/viewUsers"
              onClick={[Function]}
            >
              View Users
            </a>
          </li>
        </ul>
      </div>
    </nav>
  </div>
  <div>
    <br />
    <p>
      Please register or login to your account.
    </p>
  </div>
</div>
`;
